{"tool":"pest","result":"failed","tests":4,"passed":0,"assertions":0,"duration_ms":423,"errors":4,"error_details":[{"test":"P\\Tests\\Feature\\Admin\\CustomerBulkActionTest::__pest_evaluable_it_bulk_deletes_customers","file":"/home/mesmat/laravel/stationery-store/vendor/laravel/framework/src/Illuminate/Database/Connectors/Connector.php","line":66,"message":"could not find driver (Connection: sqlite, Database: :memory:, SQL: select exists (select 1 from \"main\".sqlite_master where name = 'migrations' and type = 'table') as \"exists\")"},{"test":"P\\Tests\\Feature\\Admin\\CustomerBulkActionTest::__pest_evaluable_it_bulk_restores_trashed_customers","file":"/home/mesmat/laravel/stationery-store/vendor/laravel/framework/src/Illuminate/Database/Connectors/Connector.php","line":66,"message":"could not find driver (Connection: sqlite, Database: :memory:, SQL: select exists (select 1 from \"main\".sqlite_master where name = 'migrations' and type = 'table') as \"exists\")"},{"test":"P\\Tests\\Feature\\Admin\\CustomerBulkActionTest::__pest_evaluable_it_bulk_force_deletes_trashed_customers","file":"/home/mesmat/laravel/stationery-store/vendor/laravel/framework/src/Illuminate/Database/Connectors/Connector.php","line":66,"message":"could not find driver (Connection: sqlite, Database: :memory:, SQL: select exists (select 1 from \"main\".sqlite_master where name = 'migrations' and type = 'table') as \"exists\")"},{"test":"P\\Tests\\Feature\\Admin\\CustomerBulkActionTest::__pest_evaluable_it_denies_bulk_delete_without_permission","file":"/home/mesmat/laravel/stationery-store/vendor/laravel/framework/src/Illuminate/Database/Connectors/Connector.php","line":66,"message":"could not find driver (Connection: sqlite, Database: :memory:, SQL: select exists (select 1 from \"main\".sqlite_master where name = 'migrations' and type = 'table') as \"exists\")"}]}
